Archive member included to satisfy reference by file (symbol)

/Applications/STM32CubeIDE.app/Contents/Eclipse/plugins/com.st.stm32cube.ide.mcu.externaltools.gnu-tools-for-stm32.13.3.rel1.macos64_1.0.0.202411102158/tools/bin/../lib/gcc/arm-none-eabi/13.3.1/../../../../arm-none-eabi/lib/thumb/v7e-m+fp/hard/libc_nano.a(libc_a-exit.o)
                              /Applications/STM32CubeIDE.app/Contents/Eclipse/plugins/com.st.stm32cube.ide.mcu.externaltools.gnu-tools-for-stm32.13.3.rel1.macos64_1.0.0.202411102158/tools/bin/../lib/gcc/arm-none-eabi/13.3.1/../../../../arm-none-eabi/lib/thumb/v7e-m+fp/hard/crt0.o (exit)
/Applications/STM32CubeIDE.app/Contents/Eclipse/plugins/com.st.stm32cube.ide.mcu.externaltools.gnu-tools-for-stm32.13.3.rel1.macos64_1.0.0.202411102158/tools/bin/../lib/gcc/arm-none-eabi/13.3.1/../../../../arm-none-eabi/lib/thumb/v7e-m+fp/hard/libc_nano.a(libc_a-findfp.o)
                              /Applications/STM32CubeIDE.app/Contents/Eclipse/plugins/com.st.stm32cube.ide.mcu.externaltools.gnu-tools-for-stm32.13.3.rel1.macos64_1.0.0.202411102158/tools/bin/../lib/gcc/arm-none-eabi/13.3.1/../../../../arm-none-eabi/lib/thumb/v7e-m+fp/hard/libc_nano.a(libc_a-exit.o) (__stdio_exit_handler)
/Applications/STM32CubeIDE.app/Contents/Eclipse/plugins/com.st.stm32cube.ide.mcu.externaltools.gnu-tools-for-stm32.13.3.rel1.macos64_1.0.0.202411102158/tools/bin/../lib/gcc/arm-none-eabi/13.3.1/../../../../arm-none-eabi/lib/thumb/v7e-m+fp/hard/libc_nano.a(libc_a-fwalk.o)
                              /Applications/STM32CubeIDE.app/Contents/Eclipse/plugins/com.st.stm32cube.ide.mcu.externaltools.gnu-tools-for-stm32.13.3.rel1.macos64_1.0.0.202411102158/tools/bin/../lib/gcc/arm-none-eabi/13.3.1/../../../../arm-none-eabi/lib/thumb/v7e-m+fp/hard/libc_nano.a(libc_a-findfp.o) (_fwalk_sglue)
/Applications/STM32CubeIDE.app/Contents/Eclipse/plugins/com.st.stm32cube.ide.mcu.externaltools.gnu-tools-for-stm32.13.3.rel1.macos64_1.0.0.202411102158/tools/bin/../lib/gcc/arm-none-eabi/13.3.1/../../../../arm-none-eabi/lib/thumb/v7e-m+fp/hard/libc_nano.a(libc_a-memset.o)
                              /Applications/STM32CubeIDE.app/Contents/Eclipse/plugins/com.st.stm32cube.ide.mcu.externaltools.gnu-tools-for-stm32.13.3.rel1.macos64_1.0.0.202411102158/tools/bin/../lib/gcc/arm-none-eabi/13.3.1/../../../../arm-none-eabi/lib/thumb/v7e-m+fp/hard/crt0.o (memset)
/Applications/STM32CubeIDE.app/Contents/Eclipse/plugins/com.st.stm32cube.ide.mcu.externaltools.gnu-tools-for-stm32.13.3.rel1.macos64_1.0.0.202411102158/tools/bin/../lib/gcc/arm-none-eabi/13.3.1/../../../../arm-none-eabi/lib/thumb/v7e-m+fp/hard/libc_nano.a(libc_a-errno.o)
                              ./Core/Src/syscalls.o (__errno)
/Applications/STM32CubeIDE.app/Contents/Eclipse/plugins/com.st.stm32cube.ide.mcu.externaltools.gnu-tools-for-stm32.13.3.rel1.macos64_1.0.0.202411102158/tools/bin/../lib/gcc/arm-none-eabi/13.3.1/../../../../arm-none-eabi/lib/thumb/v7e-m+fp/hard/libc_nano.a(libc_a-init.o)
                              /Applications/STM32CubeIDE.app/Contents/Eclipse/plugins/com.st.stm32cube.ide.mcu.externaltools.gnu-tools-for-stm32.13.3.rel1.macos64_1.0.0.202411102158/tools/bin/../lib/gcc/arm-none-eabi/13.3.1/../../../../arm-none-eabi/lib/thumb/v7e-m+fp/hard/crt0.o (__libc_init_array)
/Applications/STM32CubeIDE.app/Contents/Eclipse/plugins/com.st.stm32cube.ide.mcu.externaltools.gnu-tools-for-stm32.13.3.rel1.macos64_1.0.0.202411102158/tools/bin/../lib/gcc/arm-none-eabi/13.3.1/../../../../arm-none-eabi/lib/thumb/v7e-m+fp/hard/libc_nano.a(libc_a-lock.o)
                              /Applications/STM32CubeIDE.app/Contents/Eclipse/plugins/com.st.stm32cube.ide.mcu.externaltools.gnu-tools-for-stm32.13.3.rel1.macos64_1.0.0.202411102158/tools/bin/../lib/gcc/arm-none-eabi/13.3.1/../../../../arm-none-eabi/lib/thumb/v7e-m+fp/hard/libc_nano.a(libc_a-findfp.o) (__retarget_lock_init_recursive)
/Applications/STM32CubeIDE.app/Contents/Eclipse/plugins/com.st.stm32cube.ide.mcu.externaltools.gnu-tools-for-stm32.13.3.rel1.macos64_1.0.0.202411102158/tools/bin/../lib/gcc/arm-none-eabi/13.3.1/../../../../arm-none-eabi/lib/thumb/v7e-m+fp/hard/libc_nano.a(libc_a-impure.o)
                              /Applications/STM32CubeIDE.app/Contents/Eclipse/plugins/com.st.stm32cube.ide.mcu.externaltools.gnu-tools-for-stm32.13.3.rel1.macos64_1.0.0.202411102158/tools/bin/../lib/gcc/arm-none-eabi/13.3.1/../../../../arm-none-eabi/lib/thumb/v7e-m+fp/hard/libc_nano.a(libc_a-errno.o) (_impure_ptr)
/Applications/STM32CubeIDE.app/Contents/Eclipse/plugins/com.st.stm32cube.ide.mcu.externaltools.gnu-tools-for-stm32.13.3.rel1.macos64_1.0.0.202411102158/tools/bin/../lib/gcc/arm-none-eabi/13.3.1/../../../../arm-none-eabi/lib/thumb/v7e-m+fp/hard/libc_nano.a(libc_a-mallocr.o)
[...]
Memory Configuration

Name             Origin             Length             Attributes
RAM              0x20000000         0x00020000         xrw
FLASH            0x08000000         0x00080000         xr
*default*        0x00000000         0xffffffff

Linker script and memory map

LOAD /Applications/STM32CubeIDE.app/Contents/Eclipse/plugins/com.st.stm32cube.ide.mcu.externaltools.gnu-tools-for-stm32.13.3.rel1.macos64_1.0.0.202411102158/tools/bin/../lib/gcc/arm-none-eabi/13.3.1/thumb/v7e-m+fp/hard/crti.o
LOAD /Applications/STM32CubeIDE.app/Contents/Eclipse/plugins/com.st.stm32cube.ide.mcu.externaltools.gnu-tools-for-stm32.13.3.rel1.macos64_1.0.0.202411102158/tools/bin/../lib/gcc/arm-none-eabi/13.3.1/thumb/v7e-m+fp/hard/crtbegin.o
LOAD /Applications/STM32CubeIDE.app/Contents/Eclipse/plugins/com.st.stm32cube.ide.mcu.externaltools.gnu-tools-for-stm32.13.3.rel1.macos64_1.0.0.202411102158/tools/bin/../lib/gcc/arm-none-eabi/13.3.1/../../../../arm-none-eabi/lib/thumb/v7e-m+fp/hard/crt0.o
LOAD ./Core/Src/main.o
LOAD ./Core/Src/stm32f4xx_hal_msp.o
LOAD ./Core/Src/stm32f4xx_it.o
LOAD ./Core/Src/syscalls.o
LOAD ./Core/Src/sysmem.o
LOAD ./Core/Src/system_stm32f4xx.o
LOAD ./Core/Src/user_button_led.o
LOAD ./Core/Startup/startup_stm32f446retx.o
LOAD ./Drivers/STM32F4xx_HAL_Driver/Src/stm32f4xx_hal.o
LOAD ./Drivers/STM32F4xx_HAL_Driver/Src/stm32f4xx_hal_cortex.o
LOAD ./Drivers/STM32F4xx_HAL_Driver/Src/stm32f4xx_hal_dma.o
LOAD ./Drivers/STM32F4xx_HAL_Driver/Src/stm32f4xx_hal_dma_ex.o
LOAD ./Drivers/STM32F4xx_HAL_Driver/Src/stm32f4xx_hal_exti.o
LOAD ./Drivers/STM32F4xx_HAL_Driver/Src/stm32f4xx_hal_flash.o
LOAD ./Drivers/STM32F4xx_HAL_Driver/Src/stm32f4xx_hal_flash_ex.o
LOAD ./Drivers/STM32F4xx_HAL_Driver/Src/stm32f4xx_hal_flash_ramfunc.o
LOAD ./Drivers/STM32F4xx_HAL_Driver/Src/stm32f4xx_hal_gpio.o
LOAD ./Drivers/STM32F4xx_HAL_Driver/Src/stm32f4xx_hal_pwr.o
LOAD ./Drivers/STM32F4xx_HAL_Driver/Src/stm32f4xx_hal_pwr_ex.o
LOAD ./Drivers/STM32F4xx_HAL_Driver/Src/stm32f4xx_hal_rcc.o
LOAD ./Drivers/STM32F4xx_HAL_Driver/Src/stm32f4xx_hal_rcc_ex.o
LOAD ./Drivers/STM32F4xx_HAL_Driver/Src/stm32f4xx_hal_uart.o
START GROUP
LOAD /Applications/STM32CubeIDE.app/Contents/Eclipse/plugins/com.st.stm32cube.ide.mcu.externaltools.gnu-tools-for-stm32.13.3.rel1.macos64_1.0.0.202411102158/tools/bin/../lib/gcc/arm-none-eabi/13.3.1/../../../../arm-none-eabi/lib/thumb/v7e-m+fp/hard/libc_nano.a
LOAD /Applications/STM32CubeIDE.app/Contents/Eclipse/plugins/com.st.stm32cube.ide.mcu.externaltools.gnu-tools-for-stm32.13.3.rel1.macos64_1.0.0.202411102158/tools/bin/../lib/gcc/arm-none-eabi/13.3.1/../../../../arm-none-eabi/lib/thumb/v7e-m+fp/hard/libm.a
END GROUP
START GROUP
LOAD /Applications/STM32CubeIDE.app/Contents/Eclipse/plugins/com.st.stm32cube.ide.mcu.externaltools.gnu-tools-for-stm32.13.3.rel1.macos64_1.0.0.202411102158/tools/bin/../lib/gcc/arm-none-eabi/13.3.1/thumb/v7e-m+fp/hard/libgcc.a
LOAD /Applications/STM32CubeIDE.app/Contents/Eclipse/plugins/com.st.stm32cube.ide.mcu.externaltools.gnu-tools-for-stm32.13.3.rel1.macos64_1.0.0.202411102158/tools/bin/../lib/gcc/arm-none-eabi/13.3.1/../../../../arm-none-eabi/lib/thumb/v7e-m+fp/hard/libc_nano.a
END GROUP
START GROUP
LOAD /Applications/STM32CubeIDE.app/Contents/Eclipse/plugins/com.st.stm32cube.ide.mcu.externaltools.gnu-tools-for-stm32.13.3.rel1.macos64_1.0.0.202411102158/tools/bin/../lib/gcc/arm-none-eabi/13.3.1/thumb/v7e-m+fp/hard/libgcc.a
LOAD /Applications/STM32CubeIDE.app/Contents/Eclipse/plugins/com.st.stm32cube.ide.mcu.externaltools.gnu-tools-for-stm32.13.3.rel1.macos64_1.0.0.202411102158/tools/bin/../lib/gcc/arm-none-eabi/13.3.1/../../../../arm-none-eabi/lib/thumb/v7e-m+fp/hard/libc_nano.a
LOAD /Applications/STM32CubeIDE.app/Contents/Eclipse/plugins/com.st.stm32cube.ide.mcu.externaltools.gnu-tools-for-stm32.13.3.rel1.macos64_1.0.0.202411102158/tools/bin/../lib/gcc/arm-none-eabi/13.3.1/../../../../arm-none-eabi/lib/thumb/v7e-m+fp/hard/libnosys.a
END GROUP
START GROUP
LOAD /Applications/STM32CubeIDE.app/Contents/Eclipse/plugins/com.st.stm32cube.ide.mcu.externaltools.gnu-tools-for-stm32.13.3.rel1.macos64_1.0.0.202411102158/tools/bin/../lib/gcc/arm-none-eabi/13.3.1/thumb/v7e-m+fp/hard/libgcc.a
LOAD /Applications/STM32CubeIDE.app/Contents/Eclipse/plugins/com.st.stm32cube.ide.mcu.externaltools.gnu-tools-for-stm32.13.3.rel1.macos64_1.0.0.202411102158/tools/bin/../lib/gcc/arm-none-eabi/13.3.1/../../../../arm-none-eabi/lib/thumb/v7e-m+fp/hard/libc_nano.a
LOAD /Applications/STM32CubeIDE.app/Contents/Eclipse/plugins/com.st.stm32cube.ide.mcu.externaltools.gnu-tools-for-stm32.13.3.rel1.macos64_1.0.0.202411102158/tools/bin/../lib/gcc/arm-none-eabi/13.3.1/../../../../arm-none-eabi/lib/thumb/v7e-m+fp/hard/libnosys.a
END GROUP
LOAD /Applications/STM32CubeIDE.app/Contents/Eclipse/plugins/com.st.stm32cube.ide.mcu.externaltools.gnu-tools-for-stm32.13.3.rel1.macos64_1.0.0.202411102158/tools/bin/../lib/gcc/arm-none-eabi/13.3.1/thumb/v7e-m+fp/hard/crtend.o
LOAD /Applications/STM32CubeIDE.app/Contents/Eclipse/plugins/com.st.stm32cube.ide.mcu.externaltools.gnu-tools-for-stm32.13.3.rel1.macos64_1.0.0.202411102158/tools/bin/../lib/gcc/arm-none-eabi/13.3.1/thumb/v7e-m+fp/hard/crtn.o
                0x20020000                        _estack = (ORIGIN (RAM) + LENGTH (RAM))
                0x00000200                        _Min_Heap_Size = 0x200
                0x00000400                        _Min_Stack_Size = 0x400

.isr_vector     0x08000000      0x1c4
                0x08000000                        . = ALIGN (0x4)
 *(.isr_vector)
 .isr_vector    0x08000000      0x1c4 ./Core/Startup/startup_stm32f446retx.o
                0x08000000                g_pfnVectors
                0x080001c4                        . = ALIGN (0x4)

.text           0x080001c4     0x2050
                0x080001c4                        . = ALIGN (0x4)
 *(.text)
 .text          0x080001c4       0x40 /Applications/STM32CubeIDE.app/Contents/Eclipse/plugins/com.st.stm32cube.ide.mcu.externaltools.gnu-tools-for-stm32.13.3.rel1.macos64_1.0.0.202411102158/tools/bin/../lib/gcc/arm-none-eabi/13.3.1/thumb/v7e-m+fp/hard/crtbegin.o
 .text          0x08000204       0x30 /Applications/STM32CubeIDE.app/Contents/Eclipse/plugins/com.st.stm32cube.ide.mcu.externaltools.gnu-tools-for-stm32.13.3.rel1.macos64_1.0.0.202411102158/tools/bin/../lib/gcc/arm-none-eabi/13.3.1/thumb/v7e-m+fp/hard/libgcc.a(_aeabi_uldivmod.o)
                0x08000204                __aeabi_uldivmod
 .text          0x08000234      0x2f8 /Applications/STM32CubeIDE.app/Contents/Eclipse/plugins/com.st.stm32cube.ide.mcu.externaltools.gnu-tools-for-stm32.13.3.rel1.macos64_1.0.0.202411102158/tools/bin/../lib/gcc/arm-none-eabi/13.3.1/thumb/v7e-m+fp/hard/libgcc.a(_udivmoddi4.o)
                0x08000234                __udivmoddi4
 .text          0x0800052c        0x4 /Applications/STM32CubeIDE.app/Contents/Eclipse/plugins/com.st.stm32cube.ide.mcu.externaltools.gnu-tools-for-stm32.13.3.rel1.macos64_1.0.0.202411102158/tools/bin/../lib/gcc/arm-none-eabi/13.3.1/thumb/v7e-m+fp/hard/libgcc.a(_dvmd_tls.o)
                0x0800052c                __aeabi_ldiv0
                0x0800052c                __aeabi_idiv0
 *(.text*)
 .text.main     0x08000530       0x1c ./Core/Src/main.o
                0x08000530                main
 .text.SystemClock_Config
                0x0800054c       0xdc ./Core/Src/main.o
                0x0800054c                SystemClock_Config
 .text.MX_USART2_UART_Init
                0x08000628       0x54 ./Core/Src/main.o
 .text.MX_GPIO_Init
                0x0800067c      0x10c ./Core/Src/main.o
 .text.Error_Handler
                0x08000788        0xc ./Core/Src/main.o
                0x08000788                Error_Handler
 .text.HAL_MspInit
                0x08000794       0x50 ./Core/Src/stm32f4xx_hal_msp.o
                0x08000794                HAL_MspInit
 .text.HAL_UART_MspInit
                0x080007e4       0x90 ./Core/Src/stm32f4xx_hal_msp.o
                0x080007e4                HAL_UART_MspInit
 .text.NMI_Handler
                0x08000874        0x8 ./Core/Src/stm32f4xx_it.o
                0x08000874                NMI_Handler
 .text.HardFault_Handler
                0x0800087c        0x8 ./Core/Src/stm32f4xx_it.o
                0x0800087c                HardFault_Handler
 .text.MemManage_Handler
                0x08000884        0x8 ./Core/Src/stm32f4xx_it.o
                0x08000884                MemManage_Handler
 .text.BusFault_Handler
                0x0800088c        0x8 ./Core/Src/stm32f4xx_it.o
                0x0800088c                BusFault_Handler
 .text.UsageFault_Handler
                0x08000894        0x8 ./Core/Src/stm32f4xx_it.o
                0x08000894                UsageFault_Handler
 .text.SVC_Handler
                0x0800089c        0xe ./Core/Src/stm32f4xx_it.o
                0x0800089c                SVC_Handler
 .text.DebugMon_Handler
                0x080008aa        0xe ./Core/Src/stm32f4xx_it.o
                0x080008aa                DebugMon_Handler
 .text.PendSV_Handler
                0x080008b8        0xe ./Core/Src/stm32f4xx_it.o
                0x080008b8                PendSV_Handler
 .text.SysTick_Handler
                0x080008c6        0xc ./Core/Src/stm32f4xx_it.o
                0x080008c6                SysTick_Handler
 *fill*         0x080008d2        0x2 
 .text.SystemInit
                0x080008d4       0x24 ./Core/Src/system_stm32f4xx.o
                0x080008d4                SystemInit
 .text.user_button_led
                0x080008f8       0x7c ./Core/Src/user_button_led.o
                0x080008f8                user_button_led
 .text.Reset_Handler
                0x08000974       0x50 ./Core/Startup/startup_stm32f446retx.o
                0x08000974                Reset_Handler
 .text.Default_Handler
                0x080009c4        0x2 ./Core/Startup/startup_stm32f446retx.o
                0x080009c4                DMA1_Stream3_IRQHandler
                0x080009c4                EXTI2_IRQHandler
                0x080009c4                TIM8_CC_IRQHandler
                0x080009c4                FMPI2C1_EV_IRQHandler
                0x080009c4                SPI4_IRQHandler
                0x080009c4                TIM1_CC_IRQHandler
                0x080009c4                DMA2_Stream5_IRQHandler
                0x080009c4                DMA1_Stream5_IRQHandler
                0x080009c4                PVD_IRQHandler
                0x080009c4                SDIO_IRQHandler
                0x080009c4                TAMP_STAMP_IRQHandler
                0x080009c4                CAN2_RX1_IRQHandler
                0x080009c4                EXTI3_IRQHandler
                0x080009c4                TIM8_TRG_COM_TIM14_IRQHandler
                0x080009c4                TIM1_UP_TIM10_IRQHandler
                0x080009c4                TIM8_UP_TIM13_IRQHandler
                0x080009c4                I2C3_ER_IRQHandler
                0x080009c4                EXTI0_IRQHandler
                0x080009c4                I2C2_EV_IRQHandler
                0x080009c4                DMA1_Stream2_IRQHandler
                0x080009c4                CAN1_RX0_IRQHandler
                0x080009c4                FPU_IRQHandler
                0x080009c4                OTG_HS_WKUP_IRQHandler
                0x080009c4                CAN2_SCE_IRQHandler
                0x080009c4                DMA2_Stream2_IRQHandler
                0x080009c4                SPI1_IRQHandler
                0x080009c4                TIM6_DAC_IRQHandler
                0x080009c4                TIM1_BRK_TIM9_IRQHandler
                0x080009c4                DCMI_IRQHandler
                0x080009c4                CAN2_RX0_IRQHandler
                0x080009c4                DMA2_Stream3_IRQHandler
                0x080009c4                SAI2_IRQHandler
                0x080009c4                USART6_IRQHandler
                0x080009c4                USART3_IRQHandler
                0x080009c4                CAN1_RX1_IRQHandler
                0x080009c4                UART5_IRQHandler
                0x080009c4                DMA2_Stream0_IRQHandler
                0x080009c4                TIM4_IRQHandler
                0x080009c4                QUADSPI_IRQHandler
                0x080009c4                I2C1_EV_IRQHandler
                0x080009c4                DMA1_Stream6_IRQHandler
                0x080009c4                DMA1_Stream1_IRQHandler
                0x080009c4                UART4_IRQHandler
                0x080009c4                TIM3_IRQHandler
                0x080009c4                RCC_IRQHandler
                0x080009c4                TIM8_BRK_TIM12_IRQHandler
                0x080009c4                Default_Handler
                0x080009c4                CEC_IRQHandler
                0x080009c4                EXTI15_10_IRQHandler
                0x080009c4                ADC_IRQHandler
                0x080009c4                DMA1_Stream7_IRQHandler
                0x080009c4                TIM7_IRQHandler
                0x080009c4                CAN2_TX_IRQHandler
                0x080009c4                TIM5_IRQHandler
                0x080009c4                DMA2_Stream7_IRQHandler
                0x080009c4                I2C3_EV_IRQHandler
                0x080009c4                EXTI9_5_IRQHandler
                0x080009c4                RTC_WKUP_IRQHandler
                0x080009c4                SPDIF_RX_IRQHandler
                0x080009c4                SPI2_IRQHandler
                0x080009c4                OTG_HS_EP1_IN_IRQHandler
                0x080009c4                DMA1_Stream0_IRQHandler
                0x080009c4                CAN1_TX_IRQHandler
                0x080009c4                FMPI2C1_ER_IRQHandler
                0x080009c4                EXTI4_IRQHandler
                0x080009c4                OTG_HS_EP1_OUT_IRQHandler
                0x080009c4                WWDG_IRQHandler
                0x080009c4                TIM2_IRQHandler
                0x080009c4                OTG_FS_WKUP_IRQHandler
                0x080009c4                TIM1_TRG_COM_TIM11_IRQHandler
                0x080009c4                OTG_HS_IRQHandler
                0x080009c4                EXTI1_IRQHandler
                0x080009c4                USART2_IRQHandler
                0x080009c4                I2C2_ER_IRQHandler
                0x080009c4                DMA2_Stream1_IRQHandler
                0x080009c4                CAN1_SCE_IRQHandler
                0x080009c4                FLASH_IRQHandler
                0x080009c4                DMA2_Stream4_IRQHandler
                0x080009c4                USART1_IRQHandler
                0x080009c4                OTG_FS_IRQHandler
                0x080009c4                SPI3_IRQHandler
                0x080009c4                DMA1_Stream4_IRQHandler
                0x080009c4                I2C1_ER_IRQHandler
                0x080009c4                FMC_IRQHandler
                0x080009c4                DMA2_Stream6_IRQHandler
                0x080009c4                SAI1_IRQHandler
                0x080009c4                RTC_Alarm_IRQHandler
 *fill*         0x080009c6        0x2 
 .text.HAL_Init
                0x080009c8       0x44 ./Drivers/STM32F4xx_HAL_Driver/Src/stm32f4xx_hal.o
                0x080009c8                HAL_Init
 .text.HAL_InitTick
                0x08000a0c       0x60 ./Drivers/STM32F4xx_HAL_Driver/Src/stm32f4xx_hal.o
                0x08000a0c                HAL_InitTick
 .text.HAL_IncTick
                0x08000a6c       0x28 ./Drivers/STM32F4xx_HAL_Driver/Src/stm32f4xx_hal.o
                0x08000a6c                HAL_IncTick
 .text.HAL_GetTick
                0x08000a94       0x18 ./Drivers/STM32F4xx_HAL_Driver/Src/stm32f4xx_hal.o
                0x08000a94                HAL_GetTick
 .text.HAL_Delay
                0x08000aac       0x48 ./Drivers/STM32F4xx_HAL_Driver/Src/stm32f4xx_hal.o
                0x08000aac                HAL_Delay
 .text.__NVIC_SetPriorityGrouping
                0x08000af4       0x48 ./Drivers/STM32F4xx_HAL_Driver/Src/stm32f4xx_hal_cortex.o
 .text.__NVIC_GetPriorityGrouping
                0x08000b3c       0x1c ./Drivers/STM32F4xx_HAL_Driver/Src/stm32f4xx_hal_cortex.o
 .text.__NVIC_SetPriority
                0x08000b58       0x54 ./Drivers/STM32F4xx_HAL_Driver/Src/stm32f4xx_hal_cortex.o
 .text.NVIC_EncodePriority
                0x08000bac       0x66 ./Drivers/STM32F4xx_HAL_Driver/Src/stm32f4xx_hal_cortex.o
 *fill*         0x08000c12        0x2 
 .text.SysTick_Config
                0x08000c14       0x44 ./Drivers/STM32F4xx_HAL_Driver/Src/stm32f4xx_hal_cortex.o
 .text.HAL_NVIC_SetPriorityGrouping
                0x08000c58       0x16 ./Drivers/STM32F4xx_HAL_Driver/Src/stm32f4xx_hal_cortex.o
                0x08000c58                HAL_NVIC_SetPriorityGrouping
 .text.HAL_NVIC_SetPriority
                0x08000c6e       0x38 ./Drivers/STM32F4xx_HAL_Driver/Src/stm32f4xx_hal_cortex.o
                0x08000c6e                HAL_NVIC_SetPriority
 .text.HAL_SYSTICK_Config
                0x08000ca6       0x18 ./Drivers/STM32F4xx_HAL_Driver/Src/stm32f4xx_hal_cortex.o
                0x08000ca6                HAL_SYSTICK_Config
 *fill*         0x08000cbe        0x2 
 .text.HAL_GPIO_Init
                0x08000cc0      0x328 ./Drivers/STM32F4xx_HAL_Driver/Src/stm32f4xx_hal_gpio.o
                0x08000cc0                HAL_GPIO_Init
 .text.HAL_GPIO_ReadPin
                0x08000fe8       0x30 ./Drivers/STM32F4xx_HAL_Driver/Src/stm32f4xx_hal_gpio.o
                0x08000fe8                HAL_GPIO_ReadPin
 .text.HAL_GPIO_WritePin
                0x08001018       0x32 ./Drivers/STM32F4xx_HAL_Driver/Src/stm32f4xx_hal_gpio.o
                0x08001018                HAL_GPIO_WritePin
 *fill*         0x0800104a        0x2 
 .text.HAL_RCC_ClockConfig
                0x0800104c      0x1cc ./Drivers/STM32F4xx_HAL_Driver/Src/stm32f4xx_hal_rcc.o
                0x0800104c                HAL_RCC_ClockConfig
 .text.HAL_RCC_GetHCLKFreq
                0x08001218       0x18 ./Drivers/STM32F4xx_HAL_Driver/Src/stm32f4xx_hal_rcc.o
                0x08001218                HAL_RCC_GetHCLKFreq
 .text.HAL_RCC_GetPCLK1Freq
                0x08001230       0x28 ./Drivers/STM32F4xx_HAL_Driver/Src/stm32f4xx_hal_rcc.o
                0x08001230                HAL_RCC_GetPCLK1Freq
 .text.HAL_RCC_GetPCLK2Freq
                0x08001258       0x28 ./Drivers/STM32F4xx_HAL_Driver/Src/stm32f4xx_hal_rcc.o
                0x08001258                HAL_RCC_GetPCLK2Freq
 .text.HAL_RCC_GetSysClockFreq
                0x08001280      0x460 ./Drivers/STM32F4xx_HAL_Driver/Src/stm32f4xx_hal_rcc_ex.o
                0x08001280                HAL_RCC_GetSysClockFreq
 .text.HAL_RCC_OscConfig
                0x080016e0      0x53c ./Drivers/STM32F4xx_HAL_Driver/Src/stm32f4xx_hal_rcc_ex.o
                0x080016e0                HAL_RCC_OscConfig
 .text.HAL_UART_Init
                0x08001c1c       0xa0 ./Drivers/STM32F4xx_HAL_Driver/Src/stm32f4xx_hal_uart.o
                0x08001c1c                HAL_UART_Init
 .text.UART_SetConfig
                0x08001cbc      0x4e8 ./Drivers/STM32F4xx_HAL_Driver/Src/stm32f4xx_hal_uart.o
 .text.memset   0x080021a4       0x10 /Applications/STM32CubeIDE.app/Contents/Eclipse/plugins/com.st.stm32cube.ide.mcu.externaltools.gnu-tools-for-stm32.13.3.rel1.macos64_1.0.0.202411102158/tools/bin/../lib/gcc/arm-none-eabi/13.3.1/../../../../arm-none-eabi/lib/thumb/v7e-m+fp/hard/libc_nano.a(libc_a-memset.o)
                0x080021a4                memset
 .text.__libc_init_array
                0x080021b4       0x48 /Applications/STM32CubeIDE.app/Contents/Eclipse/plugins/com.st.stm32cube.ide.mcu.externaltools.gnu-tools-for-stm32.13.3.rel1.macos64_1.0.0.202411102158/tools/bin/../lib/gcc/arm-none-eabi/13.3.1/../../../../arm-none-eabi/lib/thumb/v7e-m+fp/hard/libc_nano.a(libc_a-init.o)
                0x080021b4                __libc_init_array
 *(.glue_7)
 .glue_7        0x080021fc        0x0 linker stubs
 *(.glue_7t)
 .glue_7t       0x080021fc        0x0 linker stubs
 *(.eh_frame)
 .eh_frame      0x080021fc        0x0 /Applications/STM32CubeIDE.app/Contents/Eclipse/plugins/com.st.stm32cube.ide.mcu.externaltools.gnu-tools-for-stm32.13.3.rel1.macos64_1.0.0.202411102158/tools/bin/../lib/gcc/arm-none-eabi/13.3.1/thumb/v7e-m+fp/hard/crtbegin.o
 *(.init)
 .init          0x080021fc        0x4 /Applications/STM32CubeIDE.app/Contents/Eclipse/plugins/com.st.stm32cube.ide.mcu.externaltools.gnu-tools-for-stm32.13.3.rel1.macos64_1.0.0.202411102158/tools/bin/../lib/gcc/arm-none-eabi/13.3.1/thumb/v7e-m+fp/hard/crti.o
                0x080021fc                _init
 .init          0x08002200        0x8 /Applications/STM32CubeIDE.app/Contents/Eclipse/plugins/com.st.stm32cube.ide.mcu.externaltools.gnu-tools-for-stm32.13.3.rel1.macos64_1.0.0.202411102158/tools/bin/../lib/gcc/arm-none-eabi/13.3.1/thumb/v7e-m+fp/hard/crtn.o
 *(.fini)
 .fini          0x08002208        0x4 /Applications/STM32CubeIDE.app/Contents/Eclipse/plugins/com.st.stm32cube.ide.mcu.externaltools.gnu-tools-for-stm32.13.3.rel1.macos64_1.0.0.202411102158/tools/bin/../lib/gcc/arm-none-eabi/13.3.1/thumb/v7e-m+fp/hard/crti.o
                0x08002208                _fini
 .fini          0x0800220c        0x8 /Applications/STM32CubeIDE.app/Contents/Eclipse/plugins/com.st.stm32cube.ide.mcu.externaltools.gnu-tools-for-stm32.13.3.rel1.macos64_1.0.0.202411102158/tools/bin/../lib/gcc/arm-none-eabi/13.3.1/thumb/v7e-m+fp/hard/crtn.o
                0x08002214                        . = ALIGN (0x4)
                0x08002214                        _etext = .

.vfp11_veneer   0x08002214        0x0
 .vfp11_veneer  0x08002214        0x0 linker stubs

.v4_bx          0x08002214        0x0
 .v4_bx         0x08002214        0x0 linker stubs

.iplt           0x08002214        0x0
 .iplt          0x08002214        0x0 /Applications/STM32CubeIDE.app/Contents/Eclipse/plugins/com.st.stm32cube.ide.mcu.externaltools.gnu-tools-for-stm32.13.3.rel1.macos64_1.0.0.202411102158/tools/bin/../lib/gcc/arm-none-eabi/13.3.1/thumb/v7e-m+fp/hard/crtbegin.o

.rodata         0x08002214       0x18
                0x08002214                        . = ALIGN (0x4)
 *(.rodata)
 *(.rodata*)
 .rodata.AHBPrescTable
                0x08002214       0x10 ./Core/Src/system_stm32f4xx.o
                0x08002214                AHBPrescTable
 .rodata.APBPrescTable
                0x08002224        0x8 ./Core/Src/system_stm32f4xx.o
                0x08002224                APBPrescTable
                0x0800222c                        . = ALIGN (0x4)

.ARM.extab      0x0800222c        0x0
                0x0800222c                        . = ALIGN (0x4)
 *(.ARM.extab* .gnu.linkonce.armextab.*)
                0x0800222c                        . = ALIGN (0x4)

.ARM            0x0800222c        0x8
                0x0800222c                        . = ALIGN (0x4)
                0x0800222c                        __exidx_start = .
 *(.ARM.exidx*)
 .ARM.exidx     0x0800222c        0x8 /Applications/STM32CubeIDE.app/Contents/Eclipse/plugins/com.st.stm32cube.ide.mcu.externaltools.gnu-tools-for-stm32.13.3.rel1.macos64_1.0.0.202411102158/tools/bin/../lib/gcc/arm-none-eabi/13.3.1/thumb/v7e-m+fp/hard/libgcc.a(_udivmoddi4.o)
                0x08002234                        __exidx_end = .
                0x08002234                        . = ALIGN (0x4)

.preinit_array  0x08002234        0x0
                0x08002234                        . = ALIGN (0x4)
                0x08002234                        PROVIDE (__preinit_array_start = .)
 *(.preinit_array*)
                0x08002234                        PROVIDE (__preinit_array_end = .)
                0x08002234                        . = ALIGN (0x4)

.init_array     0x08002234        0x4
                0x08002234                        . = ALIGN (0x4)
                0x08002234                        PROVIDE (__init_array_start = .)
 *(SORT_BY_NAME(.init_array.*))
 *(.init_array*)
 .init_array    0x08002234        0x4 /Applications/STM32CubeIDE.app/Contents/Eclipse/plugins/com.st.stm32cube.ide.mcu.externaltools.gnu-tools-for-stm32.13.3.rel1.macos64_1.0.0.202411102158/tools/bin/../lib/gcc/arm-none-eabi/13.3.1/thumb/v7e-m+fp/hard/crtbegin.o
                0x08002238                        PROVIDE (__init_array_end = .)
                0x08002238                        . = ALIGN (0x4)

.fini_array     0x08002238        0x4
                0x08002238                        . = ALIGN (0x4)
                [!provide]                        PROVIDE (__fini_array_start = .)
 *(SORT_BY_NAME(.fini_array.*))
 *(.fini_array*)
 .fini_array    0x08002238        0x4 /Applications/STM32CubeIDE.app/Contents/Eclipse/plugins/com.st.stm32cube.ide.mcu.externaltools.gnu-tools-for-stm32.13.3.rel1.macos64_1.0.0.202411102158/tools/bin/../lib/gcc/arm-none-eabi/13.3.1/thumb/v7e-m+fp/hard/crtbegin.o
                [!provide]                        PROVIDE (__fini_array_end = .)
                0x0800223c                        . = ALIGN (0x4)
                0x0800223c                        _sidata = LOADADDR (.data)

.rel.dyn        0x0800223c        0x0
 .rel.iplt      0x0800223c        0x0 /Applications/STM32CubeIDE.app/Contents/Eclipse/plugins/com.st.stm32cube.ide.mcu.externaltools.gnu-tools-for-stm32.13.3.rel1.macos64_1.0.0.202411102158/tools/bin/../lib/gcc/arm-none-eabi/13.3.1/thumb/v7e-m+fp/hard/crtbegin.o

.data           0x20000000        0xc load address 0x0800223c
                0x20000000                        . = ALIGN (0x4)
                0x20000000                        _sdata = .
 *(.data)
 *(.data*)
 .data.SystemCoreClock
                0x20000000        0x4 ./Core/Src/system_stm32f4xx.o
                0x20000000                SystemCoreClock
 .data.uwTickPrio
                0x20000004        0x4 ./Drivers/STM32F4xx_HAL_Driver/Src/stm32f4xx_hal.o
                0x20000004                uwTickPrio
 .data.uwTickFreq
                0x20000008        0x1 ./Drivers/STM32F4xx_HAL_Driver/Src/stm32f4xx_hal.o
                0x20000008                uwTickFreq
 *(.RamFunc)
 *(.RamFunc*)
                0x2000000c                        . = ALIGN (0x4)
 *fill*         0x20000009        0x3 
                0x2000000c                        _edata = .

.igot.plt       0x2000000c        0x0 load address 0x08002248
 .igot.plt      0x2000000c        0x0 /Applications/STM32CubeIDE.app/Contents/Eclipse/plugins/com.st.stm32cube.ide.mcu.externaltools.gnu-tools-for-stm32.13.3.rel1.macos64_1.0.0.202411102158/tools/bin/../lib/gcc/arm-none-eabi/13.3.1/thumb/v7e-m+fp/hard/crtbegin.o
                0x2000000c                        . = ALIGN (0x4)

.bss            0x2000000c       0x68 load address 0x08002248
                0x2000000c                        _sbss = .
                0x2000000c                        __bss_start__ = _sbss
 *(.bss)
 .bss           0x2000000c       0x1c /Applications/STM32CubeIDE.app/Contents/Eclipse/plugins/com.st.stm32cube.ide.mcu.externaltools.gnu-tools-for-stm32.13.3.rel1.macos64_1.0.0.202411102158/tools/bin/../lib/gcc/arm-none-eabi/13.3.1/thumb/v7e-m+fp/hard/crtbegin.o
 *(.bss*)
 .bss.huart2    0x20000028       0x48 ./Core/Src/main.o
                0x20000028                huart2
 .bss.uwTick    0x20000070        0x4 ./Drivers/STM32F4xx_HAL_Driver/Src/stm32f4xx_hal.o
                0x20000070                uwTick
 *(COMMON)
                0x20000074                        . = ALIGN (0x4)
                0x20000074                        _ebss = .
                0x20000074                        __bss_end__ = _ebss

._user_heap_stack
                0x20000074      0x604 load address 0x08002248
                0x20000078                        . = ALIGN (0x8)
 *fill*         0x20000074        0x4 
                [!provide]                        PROVIDE (end = .)
                0x20000078                        PROVIDE (_end = .)
                0x20000278                        . = (. + _Min_Heap_Size)
 *fill*         0x20000078      0x200 
                0x20000678                        . = (. + _Min_Stack_Size)
 *fill*         0x20000278      0x400 
                0x20000678                        . = ALIGN (0x8)

/DISCARD/
 libc.a(*)
 libm.a(*)
 libgcc.a(*)

.ARM.attributes
                0x00000000       0x30
 *(.ARM.attributes)
 .ARM.attributes
                0x00000000       0x22 /Applications/STM32CubeIDE.app/Contents/Eclipse/plugins/com.st.stm32cube.ide.mcu.externaltools.gnu-tools-for-stm32.13.3.rel1.macos64_1.0.0.202411102158/tools/bin/../lib/gcc/arm-none-eabi/13.3.1/thumb/v7e-m+fp/hard/crti.o
 .ARM.attributes
                0x00000022       0x34 /Applications/STM32CubeIDE.app/Contents/Eclipse/plugins/com.st.stm32cube.ide.mcu.externaltools.gnu-tools-for-stm32.13.3.rel1.macos64_1.0.0.202411102158/tools/bin/../lib/gcc/arm-none-eabi/13.3.1/thumb/v7e-m+fp/hard/crtbegin.o
 .ARM.attributes
                0x00000056       0x34 ./Core/Src/main.o
 .ARM.attributes
                0x0000008a       0x34 ./Core/Src/stm32f4xx_hal_msp.o
 .ARM.attributes
                0x000000be       0x34 ./Core/Src/stm32f4xx_it.o
 .ARM.attributes
                0x000000f2       0x34 ./Core/Src/system_stm32f4xx.o
 .ARM.attributes
                0x00000126       0x34 ./Core/Src/user_button_led.o
 .ARM.attributes
                0x0000015a       0x21 ./Core/Startup/startup_stm32f446retx.o
 .ARM.attributes
                0x0000017b       0x34 ./Drivers/STM32F4xx_HAL_Driver/Src/stm32f4xx_hal.o
 .ARM.attributes
                0x000001af       0x34 ./Drivers/STM32F4xx_HAL_Driver/Src/stm32f4xx_hal_cortex.o
 .ARM.attributes
                0x000001e3       0x34 ./Drivers/STM32F4xx_HAL_Driver/Src/stm32f4xx_hal_gpio.o
 .ARM.attributes
                0x00000217       0x34 ./Drivers/STM32F4xx_HAL_Driver/Src/stm32f4xx_hal_rcc.o
 .ARM.attributes
                0x0000024b       0x34 ./Drivers/STM32F4xx_HAL_Driver/Src/stm32f4xx_hal_rcc_ex.o
 .ARM.attributes
                0x0000027f       0x34 ./Drivers/STM32F4xx_HAL_Driver/Src/stm32f4xx_hal_uart.o
 .ARM.attributes
                0x000002b3       0x34 /Applications/STM32CubeIDE.app/Contents/Eclipse/plugins/com.st.stm32cube.ide.mcu.externaltools.gnu-tools-for-stm32.13.3.rel1.macos64_1.0.0.202411102158/tools/bin/../lib/gcc/arm-none-eabi/13.3.1/../../../../arm-none-eabi/lib/thumb/v7e-m+fp/hard/libc_nano.a(libc_a-memset.o)
 .ARM.attributes
                0x000002e7       0x34 /Applications/STM32CubeIDE.app/Contents/Eclipse/plugins/com.st.stm32cube.ide.mcu.externaltools.gnu-tools-for-stm32.13.3.rel1.macos64_1.0.0.202411102158/tools/bin/../lib/gcc/arm-none-eabi/13.3.1/../../../../arm-none-eabi/lib/thumb/v7e-m+fp/hard/libc_nano.a(libc_a-init.o)
 .ARM.attributes
                0x0000031b       0x22 /Applications/STM32CubeIDE.app/Contents/Eclipse/plugins/com.st.stm32cube.ide.mcu.externaltools.gnu-tools-for-stm32.13.3.rel1.macos64_1.0.0.202411102158/tools/bin/../lib/gcc/arm-none-eabi/13.3.1/thumb/v7e-m+fp/hard/libgcc.a(_aeabi_uldivmod.o)
 .ARM.attributes
                0x0000033d       0x34 /Applications/STM32CubeIDE.app/Contents/Eclipse/plugins/com.st.stm32cube.ide.mcu.externaltools.gnu-tools-for-stm32.13.3.rel1.macos64_1.0.0.202411102158/tools/bin/../lib/gcc/arm-none-eabi/13.3.1/thumb/v7e-m+fp/hard/libgcc.a(_udivmoddi4.o)
 .ARM.attributes
                0x00000371       0x22 /Applications/STM32CubeIDE.app/Contents/Eclipse/plugins/com.st.stm32cube.ide.mcu.externaltools.gnu-tools-for-stm32.13.3.rel1.macos64_1.0.0.202411102158/tools/bin/../lib/gcc/arm-none-eabi/13.3.1/thumb/v7e-m+fp/hard/libgcc.a(_dvmd_tls.o)
 .ARM.attributes
                0x00000393       0x22 /Applications/STM32CubeIDE.app/Contents/Eclipse/plugins/com.st.stm32cube.ide.mcu.externaltools.gnu-tools-for-stm32.13.3.rel1.macos64_1.0.0.202411102158/tools/bin/../lib/gcc/arm-none-eabi/13.3.1/thumb/v7e-m+fp/hard/crtn.o
OUTPUT(002_UserButton_LED.elf elf32-littlearm)
LOAD linker stubs
LOAD /Applications/STM32CubeIDE.app/Contents/Eclipse/plugins/com.st.stm32cube.ide.mcu.externaltools.gnu-tools-for-stm32.13.3.rel1.macos64_1.0.0.202411102158/tools/bin/../lib/gcc/arm-none-eabi/13.3.1/../../../../arm-none-eabi/lib/thumb/v7e-m+fp/hard/libc.a
LOAD /Applications/STM32CubeIDE.app/Contents/Eclipse/plugins/com.st.stm32cube.ide.mcu.externaltools.gnu-tools-for-stm32.13.3.rel1.macos64_1.0.0.202411102158/tools/bin/../lib/gcc/arm-none-eabi/13.3.1/../../../../arm-none-eabi/lib/thumb/v7e-m+fp/hard/libm.a
LOAD /Applications/STM32CubeIDE.app/Contents/Eclipse/plugins/com.st.stm32cube.ide.mcu.externaltools.gnu-tools-for-stm32.13.3.rel1.macos64_1.0.0.202411102158/tools/bin/../lib/gcc/arm-none-eabi/13.3.1/thumb/v7e-m+fp/hard/libgcc.a

.debug_info     0x00000000     0x7d93
 .debug_info    0x00000000      0xc02 ./Core/Src/main.o
 .debug_info    0x00000c02      0x92c ./Core/Src/stm32f4xx_hal_msp.o
 .debug_info    0x0000152e      0x112 ./Core/Src/stm32f4xx_it.o
 .debug_info    0x00001640      0x54a ./Core/Src/system_stm32f4xx.o
 .debug_info    0x00001b8a      0x1dc ./Core/Src/user_button_led.o
 .debug_info    0x00001d66       0x30 ./Core/Startup/startup_stm32f446retx.o
 .debug_info    0x00001d96      0x99a ./Drivers/STM32F4xx_HAL_Driver/Src/stm32f4xx_hal.o
 .debug_info    0x00002730      0xdaa ./Drivers/STM32F4xx_HAL_Driver/Src/stm32f4xx_hal_cortex.o
 .debug_info    0x000034da      0x70b ./Drivers/STM32F4xx_HAL_Driver/Src/stm32f4xx_hal_gpio.o
 .debug_info    0x00003be5      0x8ff ./Drivers/STM32F4xx_HAL_Driver/Src/stm32f4xx_hal_rcc.o
 .debug_info    0x000044e4      0x960 ./Drivers/STM32F4xx_HAL_Driver/Src/stm32f4xx_hal_rcc_ex.o
 .debug_info    0x00004e44     0x2f4f ./Drivers/STM32F4xx_HAL_Driver/Src/stm32f4xx_hal_uart.o

.debug_abbrev   0x00000000     0x15dd
 .debug_abbrev  0x00000000      0x276 ./Core/Src/main.o
 .debug_abbrev  0x00000276      0x1c2 ./Core/Src/stm32f4xx_hal_msp.o
 .debug_abbrev  0x00000438       0x73 ./Core/Src/stm32f4xx_it.o
 .debug_abbrev  0x000004ab      0x11a ./Core/Src/system_stm32f4xx.o
 .debug_abbrev  0x000005c5      0x119 ./Core/Src/user_button_led.o
 .debug_abbrev  0x000006de       0x24 ./Core/Startup/startup_stm32f446retx.o
 .debug_abbrev  0x00000702      0x214 ./Drivers/STM32F4xx_HAL_Driver/Src/stm32f4xx_hal.o
 .debug_abbrev  0x00000916      0x31d ./Drivers/STM32F4xx_HAL_Driver/Src/stm32f4xx_hal_cortex.o
 .debug_abbrev  0x00000c33      0x1d4 ./Drivers/STM32F4xx_HAL_Driver/Src/stm32f4xx_hal_gpio.o
 .debug_abbrev  0x00000e07      0x2b7 ./Drivers/STM32F4xx_HAL_Driver/Src/stm32f4xx_hal_rcc.o
 .debug_abbrev  0x000010be      0x211 ./Drivers/STM32F4xx_HAL_Driver/Src/stm32f4xx_hal_rcc_ex.o
 .debug_abbrev  0x000012cf      0x30e ./Drivers/STM32F4xx_HAL_Driver/Src/stm32f4xx_hal_uart.o

.debug_aranges  0x00000000      0x6c0
 .debug_aranges
                0x00000000       0x40 ./Core/Src/main.o
 .debug_aranges
                0x00000040       0x30 ./Core/Src/stm32f4xx_hal_msp.o
 .debug_aranges
                0x00000070       0x60 ./Core/Src/stm32f4xx_it.o
 .debug_aranges
                0x000000d0       0x28 ./Core/Src/system_stm32f4xx.o
 .debug_aranges
                0x000000f8       0x20 ./Core/Src/user_button_led.o
 .debug_aranges
                0x00000118       0x28 ./Core/Startup/startup_stm32f446retx.o
 .debug_aranges
                0x00000140       0xf0 ./Drivers/STM32F4xx_HAL_Driver/Src/stm32f4xx_hal.o
 .debug_aranges
                0x00000230      0x130 ./Drivers/STM32F4xx_HAL_Driver/Src/stm32f4xx_hal_cortex.o
 .debug_aranges
                0x00000360       0x58 ./Drivers/STM32F4xx_HAL_Driver/Src/stm32f4xx_hal_gpio.o
 .debug_aranges
                0x000003b8       0x88 ./Drivers/STM32F4xx_HAL_Driver/Src/stm32f4xx_hal_rcc.o
 .debug_aranges
                0x00000440       0x78 ./Drivers/STM32F4xx_HAL_Driver/Src/stm32f4xx_hal_rcc_ex.o
 .debug_aranges
                0x000004b8      0x208 ./Drivers/STM32F4xx_HAL_Driver/Src/stm32f4xx_hal_uart.o

.debug_rnglists
                0x00000000      0x524
 .debug_rnglists
                0x00000000       0x2d ./Core/Src/main.o
 .debug_rnglists
                0x0000002d       0x20 ./Core/Src/stm32f4xx_hal_msp.o
 .debug_rnglists
                0x0000004d       0x43 ./Core/Src/stm32f4xx_it.o
 .debug_rnglists
                0x00000090       0x1a ./Core/Src/system_stm32f4xx.o
 .debug_rnglists
                0x000000aa       0x13 ./Core/Src/user_button_led.o
 .debug_rnglists
                0x000000bd       0x19 ./Core/Startup/startup_stm32f446retx.o
 .debug_rnglists
                0x000000d6       0xaf ./Drivers/STM32F4xx_HAL_Driver/Src/stm32f4xx_hal.o
 .debug_rnglists
                0x00000185       0xe0 ./Drivers/STM32F4xx_HAL_Driver/Src/stm32f4xx_hal_cortex.o
 .debug_rnglists
                0x00000265       0x3f ./Drivers/STM32F4xx_HAL_Driver/Src/stm32f4xx_hal_gpio.o
 .debug_rnglists
                0x000002a4       0x66 ./Drivers/STM32F4xx_HAL_Driver/Src/stm32f4xx_hal_rcc.o
 .debug_rnglists
                0x0000030a       0x5e ./Drivers/STM32F4xx_HAL_Driver/Src/stm32f4xx_hal_rcc_ex.o
 .debug_rnglists
                0x00000368      0x1bc ./Drivers/STM32F4xx_HAL_Driver/Src/stm32f4xx_hal_uart.o

.debug_macro    0x00000000    0x203e3
 .debug_macro   0x00000000      0x1c9 ./Core/Src/main.o
 .debug_macro   0x000001c9      0xad8 ./Core/Src/main.o
 .debug_macro   0x00000ca1      0x295 ./Core/Src/main.o
 .debug_macro   0x00000f36       0x2e ./Core/Src/main.o
 .debug_macro   0x00000f64       0x28 ./Core/Src/main.o
 .debug_macro   0x00000f8c       0x22 ./Core/Src/main.o
 .debug_macro   0x00000fae       0x8e ./Core/Src/main.o
 .debug_macro   0x0000103c       0x51 ./Core/Src/main.o
 .debug_macro   0x0000108d      0x103 ./Core/Src/main.o
 .debug_macro   0x00001190       0x6a ./Core/Src/main.o
 .debug_macro   0x000011fa      0x1df ./Core/Src/main.o
 .debug_macro   0x000013d9       0x1c ./Core/Src/main.o
 .debug_macro   0x000013f5       0x22 ./Core/Src/main.o
 .debug_macro   0x00001417       0xfb ./Core/Src/main.o
 .debug_macro   0x00001512     0x1011 ./Core/Src/main.o
 .debug_macro   0x00002523      0x11f ./Core/Src/main.o
 .debug_macro   0x00002642    0x1675e ./Core/Src/main.o
 .debug_macro   0x00018da0       0x6d ./Core/Src/main.o
 .debug_macro   0x00018e0d     0x3693 ./Core/Src/main.o
 .debug_macro   0x0001c4a0      0x190 ./Core/Src/main.o
 .debug_macro   0x0001c630       0x5c ./Core/Src/main.o
 .debug_macro   0x0001c68c      0xca5 ./Core/Src/main.o
 .debug_macro   0x0001d331      0x9e9 ./Core/Src/main.o
 .debug_macro   0x0001dd1a      0x115 ./Core/Src/main.o
 .debug_macro   0x0001de2f      0x1a0 ./Core/Src/main.o
 .debug_macro   0x0001dfcf       0xa5 ./Core/Src/main.o
 .debug_macro   0x0001e074      0x16d ./Core/Src/main.o
 .debug_macro   0x0001e1e1      0x287 ./Core/Src/main.o
 .debug_macro   0x0001e468       0x5f ./Core/Src/main.o
 .debug_macro   0x0001e4c7      0x236 ./Core/Src/main.o
 .debug_macro   0x0001e6fd      0x132 ./Core/Src/main.o
 .debug_macro   0x0001e82f      0x29c ./Core/Src/main.o
 .debug_macro   0x0001eacb       0x2e ./Core/Src/main.o
 .debug_macro   0x0001eaf9      0x127 ./Core/Src/main.o
 .debug_macro   0x0001ec20       0xe8 ./Core/Src/main.o
 .debug_macro   0x0001ed08       0x89 ./Core/Src/main.o
 .debug_macro   0x0001ed91      0x2aa ./Core/Src/main.o
 .debug_macro   0x0001f03b      0x126 ./Core/Src/main.o
 .debug_macro   0x0001f161       0x7c ./Core/Src/main.o
 .debug_macro   0x0001f1dd      0x1c9 ./Core/Src/stm32f4xx_hal_msp.o
 .debug_macro   0x0001f3a6      0x1d3 ./Core/Src/stm32f4xx_it.o
 .debug_macro   0x0001f579      0x1ba ./Core/Src/system_stm32f4xx.o
 .debug_macro   0x0001f733      0x1c9 ./Core/Src/user_button_led.o
 .debug_macro   0x0001f8fc      0x21a ./Drivers/STM32F4xx_HAL_Driver/Src/stm32f4xx_hal.o
 .debug_macro   0x0001fb16      0x1ba ./Drivers/STM32F4xx_HAL_Driver/Src/stm32f4xx_hal_cortex.o
 .debug_macro   0x0001fcd0      0x1c0 ./Drivers/STM32F4xx_HAL_Driver/Src/stm32f4xx_hal_gpio.o
 .debug_macro   0x0001fe90      0x1de ./Drivers/STM32F4xx_HAL_Driver/Src/stm32f4xx_hal_rcc.o
 .debug_macro   0x0002006e      0x1ba ./Drivers/STM32F4xx_HAL_Driver/Src/stm32f4xx_hal_rcc_ex.o
 .debug_macro   0x00020228      0x1bb ./Drivers/STM32F4xx_HAL_Driver/Src/stm32f4xx_hal_uart.o

.debug_line     0x00000000     0x8c38
 .debug_line    0x00000000      0x7aa ./Core/Src/main.o
 .debug_line    0x000007aa      0x6f8 ./Core/Src/stm32f4xx_hal_msp.o
 .debug_line    0x00000ea2      0x759 ./Core/Src/stm32f4xx_it.o
 .debug_line    0x000015fb      0x720 ./Core/Src/system_stm32f4xx.o
 .debug_line    0x00001d1b      0x6b8 ./Core/Src/user_button_led.o
 .debug_line    0x000023d3       0x7a ./Core/Startup/startup_stm32f446retx.o
 .debug_line    0x0000244d      0x99c ./Drivers/STM32F4xx_HAL_Driver/Src/stm32f4xx_hal.o
 .debug_line    0x00002de9      0xc6c ./Drivers/STM32F4xx_HAL_Driver/Src/stm32f4xx_hal_cortex.o
 .debug_line    0x00003a55      0xae0 ./Drivers/STM32F4xx_HAL_Driver/Src/stm32f4xx_hal_gpio.o
 .debug_line    0x00004535      0xdb7 ./Drivers/STM32F4xx_HAL_Driver/Src/stm32f4xx_hal_rcc.o
 .debug_line    0x000052ec     0x1468 ./Drivers/STM32F4xx_HAL_Driver/Src/stm32f4xx_hal_rcc_ex.o
 .debug_line    0x00006754     0x24e4 ./Drivers/STM32F4xx_HAL_Driver/Src/stm32f4xx_hal_uart.o

.debug_str      0x00000000    0xc4aea
 .debug_str     0x00000000    0xc4aea ./Core/Src/main.o
                              0xc2fa8 (size before relaxing)
 .debug_str     0x000c4aea    0xc2ddc ./Core/Src/stm32f4xx_hal_msp.o
 .debug_str     0x000c4aea    0xc2801 ./Core/Src/stm32f4xx_it.o
 .debug_str     0x000c4aea    0xc2787 ./Core/Src/system_stm32f4xx.o
 .debug_str     0x000c4aea    0xc2820 ./Core/Src/user_button_led.o
 .debug_str     0x000c4aea       0x9c ./Core/Startup/startup_stm32f446retx.o
 .debug_str     0x000c4aea    0xc334c ./Drivers/STM32F4xx_HAL_Driver/Src/stm32f4xx_hal.o
 .debug_str     0x000c4aea    0xc30a3 ./Drivers/STM32F4xx_HAL_Driver/Src/stm32f4xx_hal_cortex.o
 .debug_str     0x000c4aea    0xc2902 ./Drivers/STM32F4xx_HAL_Driver/Src/stm32f4xx_hal_gpio.o
 .debug_str     0x000c4aea    0xc2bc0 ./Drivers/STM32F4xx_HAL_Driver/Src/stm32f4xx_hal_rcc.o
 .debug_str     0x000c4aea    0xc2bf3 ./Drivers/STM32F4xx_HAL_Driver/Src/stm32f4xx_hal_rcc_ex.o
 .debug_str     0x000c4aea    0xc3177 ./Drivers/STM32F4xx_HAL_Driver/Src/stm32f4xx_hal_uart.o

.comment        0x00000000       0x43
 .comment       0x00000000       0x43 ./Core/Src/main.o
                                 0x44 (size before relaxing)
 .comment       0x00000043       0x44 ./Core/Src/stm32f4xx_hal_msp.o
 .comment       0x00000043       0x44 ./Core/Src/stm32f4xx_it.o
 .comment       0x00000043       0x44 ./Core/Src/system_stm32f4xx.o
 .comment       0x00000043       0x44 ./Core/Src/user_button_led.o
 .comment       0x00000043       0x44 ./Drivers/STM32F4xx_HAL_Driver/Src/stm32f4xx_hal.o
 .comment       0x00000043       0x44 ./Drivers/STM32F4xx_HAL_Driver/Src/stm32f4xx_hal_cortex.o
 .comment       0x00000043       0x44 ./Drivers/STM32F4xx_HAL_Driver/Src/stm32f4xx_hal_gpio.o
 .comment       0x00000043       0x44 ./Drivers/STM32F4xx_HAL_Driver/Src/stm32f4xx_hal_rcc.o
 .comment       0x00000043       0x44 ./Drivers/STM32F4xx_HAL_Driver/Src/stm32f4xx_hal_rcc_ex.o
 .comment       0x00000043       0x44 ./Drivers/STM32F4xx_HAL_Driver/Src/stm32f4xx_hal_uart.o

.debug_frame    0x00000000     0x1a58
 .debug_frame   0x00000000       0xa8 ./Core/Src/main.o
 .debug_frame   0x000000a8       0x7c ./Core/Src/stm32f4xx_hal_msp.o
 .debug_frame   0x00000124      0x104 ./Core/Src/stm32f4xx_it.o
 .debug_frame   0x00000228       0x58 ./Core/Src/system_stm32f4xx.o
 .debug_frame   0x00000280       0x34 ./Core/Src/user_button_led.o
 .debug_frame   0x000002b4      0x374 ./Drivers/STM32F4xx_HAL_Driver/Src/stm32f4xx_hal.o
 .debug_frame   0x00000628      0x508 ./Drivers/STM32F4xx_HAL_Driver/Src/stm32f4xx_hal_cortex.o
 .debug_frame   0x00000b30      0x14c ./Drivers/STM32F4xx_HAL_Driver/Src/stm32f4xx_hal_gpio.o
 .debug_frame   0x00000c7c      0x1f4 ./Drivers/STM32F4xx_HAL_Driver/Src/stm32f4xx_hal_rcc.o
 .debug_frame   0x00000e70      0x1e8 ./Drivers/STM32F4xx_HAL_Driver/Src/stm32f4xx_hal_rcc_ex.o
 .debug_frame   0x00001058      0x954 ./Drivers/STM32F4xx_HAL_Driver/Src/stm32f4xx_hal_uart.o
 .debug_frame   0x000019ac       0x20 /Applications/STM32CubeIDE.app/Contents/Eclipse/plugins/com.st.stm32cube.ide.mcu.externaltools.gnu-tools-for-stm32.13.3.rel1.macos64_1.0.0.202411102158/tools/bin/../lib/gcc/arm-none-eabi/13.3.1/../../../../arm-none-eabi/lib/thumb/v7e-m+fp/hard/libc_nano.a(libc_a-memset.o)
 .debug_frame   0x000019cc       0x2c /Applications/STM32CubeIDE.app/Contents/Eclipse/plugins/com.st.stm32cube.ide.mcu.externaltools.gnu-tools-for-stm32.13.3.rel1.macos64_1.0.0.202411102158/tools/bin/../lib/gcc/arm-none-eabi/13.3.1/../../../../arm-none-eabi/lib/thumb/v7e-m+fp/hard/libc_nano.a(libc_a-init.o)
 .debug_frame   0x000019f8       0x2c /Applications/STM32CubeIDE.app/Contents/Eclipse/plugins/com.st.stm32cube.ide.mcu.externaltools.gnu-tools-for-stm32.13.3.rel1.macos64_1.0.0.202411102158/tools/bin/../lib/gcc/arm-none-eabi/13.3.1/thumb/v7e-m+fp/hard/libgcc.a(_aeabi_uldivmod.o)
 .debug_frame   0x00001a24       0x34 /Applications/STM32CubeIDE.app/Contents/Eclipse/plugins/com.st.stm32cube.ide.mcu.externaltools.gnu-tools-for-stm32.13.3.rel1.macos64_1.0.0.202411102158/tools/bin/../lib/gcc/arm-none-eabi/13.3.1/thumb/v7e-m+fp/hard/libgcc.a(_udivmoddi4.o)

.debug_line_str
                0x00000000       0x80
 .debug_line_str
                0x00000000       0x80 ./Core/Startup/startup_stm32f446retx.o
