18:39:38 **** Incremental Build of configuration Debug for project 001_Led_Toggle ****
make -j9 all 
arm-none-eabi-gcc "../Core/Src/led_toggle.c" -mcpu=cortex-m4 -std=gnu11 -g3 -DDEBUG -DUSE_HAL_DRIVER -DSTM32F446xx -c -I../Core/Inc -I../Drivers/STM32F4xx_HAL_Driver/Inc -I../Drivers/STM32F4xx_HAL_Driver/Inc/Legacy -I../Drivers/CMSIS/Device/ST/STM32F4xx/Include -I../Drivers/CMSIS/Include -O0 -ffunction-sections -fdata-sections -Wall -fstack-usage -fcyclomatic-complexity -MMD -MP -MF"Core/Src/led_toggle.d" -MT"Core/Src/led_toggle.o" --specs=nano.specs -mfpu=fpv4-sp-d16 -mfloat-abi=hard -mthumb -o "Core/Src/led_toggle.o"
arm-none-eabi-gcc -o "001_Led_Toggle.elf" @"objects.list"   -mcpu=cortex-m4 -T"/Users/mohammadsamialam/STM32CubeIDE/working-with-LED/Examples/001_Led_Toggle/STM32F446RETX_FLASH.ld" --specs=nosys.specs -Wl,-Map="001_Led_Toggle.map" -Wl,--gc-sections -static --specs=nano.specs -mfpu=fpv4-sp-d16 -mfloat-abi=hard -mthumb -Wl,--start-group -lc -lm -Wl,--end-group
Finished building target: 001_Led_Toggle.elf
 
arm-none-eabi-size  001_Led_Toggle.elf 
arm-none-eabi-objdump -h -S 001_Led_Toggle.elf  > "001_Led_Toggle.list"
   text	   data	    bss	    dec	    hex	filename
   8760	     12	   1644	  10416	   28b0	001_Led_Toggle.elf
Finished building: default.size.stdout
 
Finished building: 001_Led_Toggle.list
 
18:39:48 **** Incremental Build of configuration Debug for project 001_Led_Toggle ****
make -j9 all 
arm-none-eabi-size  001_Led_Toggle.elf 
   text	   data	    bss	    dec	    hex	filename
   8760	     12	   1644	  10416	   28b0	001_Led_Toggle.elf
Finished building: default.size.stdout
 
